PS D:\SURYA SK\AI_ML\Tem_chatbot T\llama_base> winget install Python.Python.3.12 --scope machine --silent
>> 
Found Python 3.12 [Python.Python.3.12] Version 3.12.10
This application is licensed to you by its owner.
Microsoft is not responsible for, nor does it grant any licenses to, third-party packages.
Downloading https://www.python.org/ftp/python/3.12.10/python-3.12.10-amd64.exe
  ██████████████████████████████  25.7 MB / 25.7 MB
Successfully verified installer hash
Starting package install...
The installer will request to run as administrator. Expect a prompt.
Successfully installed
PS D:\SURYA SK\AI_ML\Tem_chatbot T\llama_base> python --version
python : The term 'python' is not recognized as the name of a cmdlet, function, script file, or operable program. Check the spelling of the name, or if a path was included, verify that the path is correct and try 
again.
At line:1 char:1
+ python --version
+ ~~~~~~
    + CategoryInfo          : ObjectNotFound: (python:String) [], CommandNotFoundException
    + FullyQualifiedErrorId : CommandNotFoundException
 
PS D:\SURYA SK\AI_ML\Tem_chatbot T\llama_base> python
python : The term 'python' is not recognized as the name of a cmdlet, function, script file, or operable program. Check the spelling of the name, or if a path was included, verify that the path is correct and try 
again.
At line:1 char:1
+ python
+ ~~~~~~
    + CategoryInfo          : ObjectNotFound: (python:String) [], CommandNotFoundException
    + FullyQualifiedErrorId : CommandNotFoundException

PS D:\SURYA SK\AI_ML\Tem_chatbot T\llama_base> python3
python3 : The term 'python3' is not recognized as the name of a cmdlet, function, script file, or operable program. Check the spelling of the name, or if a path was included, verify that the path is correct and try 
again.
At line:1 char:1
+ python3
+ ~~~~~~~
    + CategoryInfo          : ObjectNotFound: (python3:String) [], CommandNotFoundException
    + FullyQualifiedErrorId : CommandNotFoundException

PS D:\SURYA SK\AI_ML\Tem_chatbot T\llama_base> python3python --version
>> pip --version
>>
python3python : The term 'python3python' is not recognized as the name of a cmdlet, function, script file, or operable program. Check the spelling of the name, or if a path was included, verify that the path is 
correct and try again.
At line:1 char:1
+ python3python --version
+ ~~~~~~~~~~~~~
    + CategoryInfo          : ObjectNotFound: (python3python:String) [], CommandNotFoundException
    + FullyQualifiedErrorId : CommandNotFoundException

pip : The term 'pip' is not recognized as the name of a cmdlet, function, script file, or operable program. Check the spelling of the name, or if a path was included, verify that the path is correct and try again.
At line:2 char:1
+ pip --version
+ ~~~
    + CategoryInfo          : ObjectNotFound: (pip:String) [], CommandNotFoundException
    + FullyQualifiedErrorId : CommandNotFoundException

PS D:\SURYA SK\AI_ML\Tem_chatbot T\llama_base>
 *  History restored 

PS D:\SURYA SK\AI_ML\Tem_chatbot T\llama_base> python --version       
Python 3.12.0
PS D:\SURYA SK\AI_ML\Tem_chatbot T\llama_base> pip -v

Usage:   
  pip <command> [options]

Commands:
  install                     Install packages.
  download                    Download packages.
  uninstall                   Uninstall packages.
  freeze                      Output installed packages in requirements format.
  inspect                     Inspect the python environment.
  list                        List installed packages.
  show                        Show information about installed packages.
  check                       Verify installed packages have compatible dependencies.
  config                      Manage local and global configuration.
  search                      Search PyPI for packages.
  cache                       Inspect and manage pip's wheel cache.
  index                       Inspect information available from package indexes.
  wheel                       Build wheels from your requirements.
  hash                        Compute hashes of package archives.
  completion                  A helper command used for command completion.
  debug                       Show information useful for debugging.
  help                        Show help for commands.

General Options:
  -h, --help                  Show help.
  --debug                     Let unhandled exceptions propagate outside the main subroutine, instead of logging them to stderr.
  --isolated                  Run pip in an isolated mode, ignoring environment variables and user configuration.
  --require-virtualenv        Allow pip to only run in a virtual environment; exit with an error otherwise.
  --python <python>           Run pip with the specified Python interpreter.
  -v, --verbose               Give more output. Option is additive, and can be used up to 3 times.
  -V, --version               Show version and exit.
  -q, --quiet                 Give less output. Option is additive, and can be used up to 3 times (corresponding to WARNING, ERROR, and CRITICAL logging levels).
  --log <path>                Path to a verbose appending log.
  --no-input                  Disable prompting for input.
  --keyring-provider <keyring_provider>
                              Enable the credential lookup via the keyring library if user input is allowed. Specify which mechanism to use [disabled, import, subprocess]. (default: disabled)
  --proxy <proxy>             Specify a proxy in the form scheme://[user:passwd@]proxy.server:port.
  --retries <retries>         Maximum number of retries each connection should attempt (default 5 times).
  --timeout <sec>             Set the socket timeout (default 15 seconds).
  --exists-action <action>    Default action when a path already exists: (s)witch, (i)gnore, (w)ipe, (b)ackup, (a)bort.
  --trusted-host <hostname>   Mark this host or host:port pair as trusted, even though it does not have valid or any HTTPS.
  --cert <path>               Path to PEM-encoded CA certificate bundle. If provided, overrides the default. See 'SSL Certificate Verification' in pip documentation for more information.
  --client-cert <path>        Path to SSL client certificate, a single file containing the private key and the certificate in PEM format.
  --cache-dir <dir>           Store the cache data in <dir>.
  --no-cache-dir              Disable the cache.
  --disable-pip-version-check
                              Don't periodically check PyPI to determine whether a new version of pip is available for download. Implied with --no-index.
  --no-color                  Suppress colored output.
  --no-python-version-warning
                              Silence deprecation warnings for upcoming unsupported Pythons.
  --use-feature <feature>     Enable new functionality, that may be backward incompatible.
  --use-deprecated <feature>  Enable deprecated functionality, that will be removed in the future.
PS D:\SURYA SK\AI_ML\Tem_chatbot T\llama_base> pip --version
pip 23.2.1 from C:\Users\Surya sk\AppData\Local\Programs\Python\Python312\Lib\site-packages\pip (python 3.12)
PS D:\SURYA SK\AI_ML\Tem_chatbot T\llama_base> python .\temllm_system_check.py     
Traceback (most recent call last):
  File "D:\SURYA SK\AI_ML\Tem_chatbot T\llama_base\temllm_system_check.py", line 18, in <module>
    import psutil
ModuleNotFoundError: No module named 'psutil'
PS D:\SURYA SK\AI_ML\Tem_chatbot T\llama_base> pip install torch torchvision torchaudio transformers sentence-transformers faiss-cpu pandas numpy tqdm psutil
Collecting torch
  Obtaining dependency information for torch from https://files.pythonhosted.org/packages/66/11/c1c5ba6691cda6279087c35bd626536e4fd29521fe740abf5008377a9a02/torch-2.9.0-cp312-cp312-win_amd64.whl.metadata
  Downloading torch-2.9.0-cp312-cp312-win_amd64.whl.metadata (30 kB)
Collecting torchvision
  Obtaining dependency information for torchvision from https://files.pythonhosted.org/packages/3e/ad/3c56fcd2a0d6e8afa80e115b5ade4302232ec99655220a51d05709819523/torchvision-0.24.0-cp312-cp312-win_amd64.whl.metadata
  Downloading torchvision-0.24.0-cp312-cp312-win_amd64.whl.metadata (5.9 kB)
Collecting torchaudio
  Obtaining dependency information for torchaudio from https://files.pythonhosted.org/packages/d7/eb/58b05f75d12f69ccc460893a20c999da082e063082120ed06e05cca3a053/torchaudio-2.9.0-cp312-cp312-win_amd64.whl.metadata
  Downloading torchaudio-2.9.0-cp312-cp312-win_amd64.whl.metadata (6.9 kB)
Collecting transformers
  Obtaining dependency information for transformers from https://files.pythonhosted.org/packages/71/d3/c16c3b3cf7655a67db1144da94b021c200ac1303f82428f2beef6c2e72bb/transformers-4.57.1-py3-none-any.whl.metadata
  Downloading transformers-4.57.1-py3-none-any.whl.metadata (43 kB)
     ━━━━━━━━━━━━━━━━━━━━━━━━━━━━━━━━━━━━━━━━ 44.0/44.0 kB 2.3 MB/s eta 0:00:00
Collecting sentence-transformers
  Obtaining dependency information for sentence-transformers from https://files.pythonhosted.org/packages/bb/a6/a607a737dc1a00b7afe267b9bfde101b8cee2529e197e57471d23137d4e5/sentence_transformers-5.1.2-py3-none-any.whl.metadata
  Downloading sentence_transformers-5.1.2-py3-none-any.whl.metadata (16 kB)
Collecting faiss-cpu
  Obtaining dependency information for faiss-cpu from https://files.pythonhosted.org/packages/c9/b8/6911de6b8fdcfa76144680c2195df6ce7e0cc920a8be8c5bbd2dfe5e3c37/faiss_cpu-1.12.0-cp312-cp312-win_amd64.whl.metadata
  Downloading faiss_cpu-1.12.0-cp312-cp312-win_amd64.whl.metadata (5.2 kB)
Collecting pandas
  Obtaining dependency information for pandas from https://files.pythonhosted.org/packages/86/41/585a168330ff063014880a80d744219dbf1dd7a1c706e75ab3425a987384/pandas-2.3.3-cp312-cp312-win_amd64.whl.metadata
  Downloading pandas-2.3.3-cp312-cp312-win_amd64.whl.metadata (19 kB)
Collecting numpy
  Obtaining dependency information for numpy from https://files.pythonhosted.org/packages/3d/a8/566578b10d8d0e9955b1b6cd5db4e9d4592dd0026a941ff7994cedda030a/numpy-2.3.4-cp312-cp312-win_amd64.whl.metadata
  Downloading numpy-2.3.4-cp312-cp312-win_amd64.whl.metadata (60 kB)
     ━━━━━━━━━━━━━━━━━━━━━━━━━━━━━━━━━━━━━━━━ 60.9/60.9 kB 1.6 MB/s eta 0:00:00
Collecting tqdm
  Obtaining dependency information for tqdm from https://files.pythonhosted.org/packages/d0/30/dc54f88dd4a2b5dc8a0279bdd7270e735851848b762aeb1c1184ed1f6b14/tqdm-4.67.1-py3-none-any.whl.metadata
  Downloading tqdm-4.67.1-py3-none-any.whl.metadata (57 kB)
     ━━━━━━━━━━━━━━━━━━━━━━━━━━━━━━━━━━━━━━━━ 57.7/57.7 kB 3.2 MB/s eta 0:00:00
Collecting psutil
  Obtaining dependency information for psutil from https://files.pythonhosted.org/packages/f7/03/0a464404c51685dcb9329fdd660b1721e076ccd7b3d97dee066bcc9ffb15/psutil-7.1.2-cp37-abi3-win_amd64.whl.metadata
  Downloading psutil-7.1.2-cp37-abi3-win_amd64.whl.metadata (23 kB)
Collecting filelock (from torch)
  Obtaining dependency information for filelock from https://files.pythonhosted.org/packages/76/91/7216b27286936c16f5b4d0c530087e4a54eead683e6b0b73dd0c64844af6/filelock-3.20.0-py3-none-any.whl.metadata
  Downloading filelock-3.20.0-py3-none-any.whl.metadata (2.1 kB)
Collecting typing-extensions>=4.10.0 (from torch)
  Obtaining dependency information for typing-extensions>=4.10.0 from https://files.pythonhosted.org/packages/18/67/36e9267722cc04a6b9f15c7f3441c2363321a3ea07da7ae0c0707beb2a9c/typing_extensions-4.15.0-py3-none-any.whl.metadata
  Downloading typing_extensions-4.15.0-py3-none-any.whl.metadata (3.3 kB)
Collecting sympy>=1.13.3 (from torch)
  Obtaining dependency information for sympy>=1.13.3 from https://files.pythonhosted.org/packages/a2/09/77d55d46fd61b4a135c444fc97158ef34a095e5681d0a6c10b75bf356191/sympy-1.14.0-py3-none-any.whl.metadata
  Downloading sympy-1.14.0-py3-none-any.whl.metadata (12 kB)
Collecting networkx>=2.5.1 (from torch)
  Obtaining dependency information for networkx>=2.5.1 from https://files.pythonhosted.org/packages/eb/8d/776adee7bbf76365fdd7f2552710282c79a4ead5d2a46408c9043a2b70ba/networkx-3.5-py3-none-any.whl.metadata
  Downloading networkx-3.5-py3-none-any.whl.metadata (6.3 kB)
Collecting jinja2 (from torch)
  Obtaining dependency information for jinja2 from https://files.pythonhosted.org/packages/62/a1/3d680cbfd5f4b8f15abc1d571870c5fc3e594bb582bc3b64ea099db13e56/jinja2-3.1.6-py3-none-any.whl.metadata
  Downloading jinja2-3.1.6-py3-none-any.whl.metadata (2.9 kB)
Collecting fsspec>=0.8.5 (from torch)
  Obtaining dependency information for fsspec>=0.8.5 from https://files.pythonhosted.org/packages/eb/02/a6b21098b1d5d6249b7c5ab69dde30108a71e4e819d4a9778f1de1d5b70d/fsspec-2025.10.0-py3-none-any.whl.metadata
  Downloading fsspec-2025.10.0-py3-none-any.whl.metadata (10 kB)
Collecting setuptools (from torch)
  Obtaining dependency information for setuptools from https://files.pythonhosted.org/packages/a3/dc/17031897dae0efacfea57dfd3a82fdd2a2aeb58e0ff71b77b87e44edc772/setuptools-80.9.0-py3-none-any.whl.metadata
  Downloading setuptools-80.9.0-py3-none-any.whl.metadata (6.6 kB)
Collecting pillow!=8.3.*,>=5.3.0 (from torchvision)
  Obtaining dependency information for pillow!=8.3.*,>=5.3.0 from https://files.pythonhosted.org/packages/a2/0b/d87733741526541c909bbf159e338dcace4f982daac6e5a8d6be225ca32d/pillow-12.0.0-cp312-cp312-win_amd64.whl.metadata
  Downloading pillow-12.0.0-cp312-cp312-win_amd64.whl.metadata (9.0 kB)
Collecting huggingface-hub<1.0,>=0.34.0 (from transformers)
  Obtaining dependency information for huggingface-hub<1.0,>=0.34.0 from https://files.pythonhosted.org/packages/cb/bd/1a875e0d592d447cbc02805fd3fe0f497714d6a2583f59d14fa9ebad96eb/huggingface_hub-0.36.0-py3-none-any.whl.metadata
  Downloading huggingface_hub-0.36.0-py3-none-any.whl.metadata (14 kB)
Collecting packaging>=20.0 (from transformers)
  Obtaining dependency information for packaging>=20.0 from https://files.pythonhosted.org/packages/20/12/38679034af332785aac8774540895e234f4d07f7545804097de4b666afd8/packaging-25.0-py3-none-any.whl.metadata
  Downloading packaging-25.0-py3-none-any.whl.metadata (3.3 kB)
Collecting pyyaml>=5.1 (from transformers)
  Obtaining dependency information for pyyaml>=5.1 from https://files.pythonhosted.org/packages/86/bf/899e81e4cce32febab4fb42bb97dcdf66bc135272882d1987881a4b519e9/pyyaml-6.0.3-cp312-cp312-win_amd64.whl.metadata
  Downloading pyyaml-6.0.3-cp312-cp312-win_amd64.whl.metadata (2.4 kB)
Collecting regex!=2019.12.17 (from transformers)
  Obtaining dependency information for regex!=2019.12.17 from https://files.pythonhosted.org/packages/d7/67/c35e80969f6ded306ad70b0698863310bdf36aca57ad792f45ddc0e2271f/regex-2025.10.23-cp312-cp312-win_amd64.whl.metadata
  Downloading regex-2025.10.23-cp312-cp312-win_amd64.whl.metadata (41 kB)
     ━━━━━━━━━━━━━━━━━━━━━━━━━━━━━━━━━━━━━━━━ 41.5/41.5 kB 1.0 MB/s eta 0:00:00
Collecting requests (from transformers)
  Obtaining dependency information for requests from https://files.pythonhosted.org/packages/1e/db/4254e3eabe8020b458f1a747140d32277ec7a271daf1d235b70dc0b4e6e3/requests-2.32.5-py3-none-any.whl.metadata
  Downloading requests-2.32.5-py3-none-any.whl.metadata (4.9 kB)
Collecting tokenizers<=0.23.0,>=0.22.0 (from transformers)
  Obtaining dependency information for tokenizers<=0.23.0,>=0.22.0 from https://files.pythonhosted.org/packages/b3/46/e33a8c93907b631a99377ef4c5f817ab453d0b34f93529421f42ff559671/tokenizers-0.22.1-cp39-abi3-win_amd64.whl.metadata
  Downloading tokenizers-0.22.1-cp39-abi3-win_amd64.whl.metadata (6.9 kB)
Collecting safetensors>=0.4.3 (from transformers)
  Obtaining dependency information for safetensors>=0.4.3 from https://files.pythonhosted.org/packages/2c/c3/c0be1135726618dc1e28d181b8c442403d8dbb9e273fd791de2d4384bcdd/safetensors-0.6.2-cp38-abi3-win_amd64.whl.metadata
  Downloading safetensors-0.6.2-cp38-abi3-win_amd64.whl.metadata (4.1 kB)
Collecting scikit-learn (from sentence-transformers)
  Obtaining dependency information for scikit-learn from https://files.pythonhosted.org/packages/c6/99/ed35197a158f1fdc2fe7c3680e9c70d0128f662e1fee4ed495f4b5e13db0/scikit_learn-1.7.2-cp312-cp312-win_amd64.whl.metadata
  Downloading scikit_learn-1.7.2-cp312-cp312-win_amd64.whl.metadata (11 kB)
Collecting scipy (from sentence-transformers)
  Obtaining dependency information for scipy from https://files.pythonhosted.org/packages/c2/7f/acbd28c97e990b421af7d6d6cd416358c9c293fc958b8529e0bd5d2a2a19/scipy-1.16.3-cp312-cp312-win_amd64.whl.metadata
  Downloading scipy-1.16.3-cp312-cp312-win_amd64.whl.metadata (60 kB)
     ━━━━━━━━━━━━━━━━━━━━━━━━━━━━━━━━━━━━━━━━ 60.8/60.8 kB ? eta 0:00:00
Collecting python-dateutil>=2.8.2 (from pandas)
  Obtaining dependency information for python-dateutil>=2.8.2 from https://files.pythonhosted.org/packages/ec/57/56b9bcc3c9c6a792fcbaf139543cee77261f3651ca9da0c93f5c1221264b/python_dateutil-2.9.0.post0-py2.py3-none-any.whl.metadata
  Downloading python_dateutil-2.9.0.post0-py2.py3-none-any.whl.metadata (8.4 kB)
Collecting pytz>=2020.1 (from pandas)
  Obtaining dependency information for pytz>=2020.1 from https://files.pythonhosted.org/packages/81/c4/34e93fe5f5429d7570ec1fa436f1986fb1f00c3e0f43a589fe2bbcd22c3f/pytz-2025.2-py2.py3-none-any.whl.metadata
  Downloading pytz-2025.2-py2.py3-none-any.whl.metadata (22 kB)
Collecting tzdata>=2022.7 (from pandas)
  Obtaining dependency information for tzdata>=2022.7 from https://files.pythonhosted.org/packages/5c/23/c7abc0ca0a1526a0774eca151daeb8de62ec457e77262b66b359c3c7679e/tzdata-2025.2-py2.py3-none-any.whl.metadata
  Downloading tzdata-2025.2-py2.py3-none-any.whl.metadata (1.4 kB)
Collecting colorama (from tqdm)
  Obtaining dependency information for colorama from https://files.pythonhosted.org/packages/d1/d6/3965ed04c63042e047cb6a3e6ed1a63a35087b6a609aa3a15ed8ac56c221/colorama-0.4.6-py2.py3-none-any.whl.metadata
  Downloading colorama-0.4.6-py2.py3-none-any.whl.metadata (17 kB)
Collecting six>=1.5 (from python-dateutil>=2.8.2->pandas)
  Obtaining dependency information for six>=1.5 from https://files.pythonhosted.org/packages/b7/ce/149a00dd41f10bc29e5921b496af8b574d8413afcd5e30dfa0ed46c2cc5e/six-1.17.0-py2.py3-none-any.whl.metadata
  Downloading six-1.17.0-py2.py3-none-any.whl.metadata (1.7 kB)
Collecting mpmath<1.4,>=1.1.0 (from sympy>=1.13.3->torch)
  Obtaining dependency information for mpmath<1.4,>=1.1.0 from https://files.pythonhosted.org/packages/43/e3/7d92a15f894aa0c9c4b49b8ee9ac9850d6e63b03c9c32c0367a13ae62209/mpmath-1.3.0-py3-none-any.whl.metadata
  Downloading mpmath-1.3.0-py3-none-any.whl.metadata (8.6 kB)
Collecting MarkupSafe>=2.0 (from jinja2->torch)
  Obtaining dependency information for MarkupSafe>=2.0 from https://files.pythonhosted.org/packages/aa/5b/bec5aa9bbbb2c946ca2733ef9c4ca91c91b6a24580193e891b5f7dbe8e1e/markupsafe-3.0.3-cp312-cp312-win_amd64.whl.metadata
  Downloading markupsafe-3.0.3-cp312-cp312-win_amd64.whl.metadata (2.8 kB)
Collecting charset_normalizer<4,>=2 (from requests->transformers)
  Obtaining dependency information for charset_normalizer<4,>=2 from https://files.pythonhosted.org/packages/3d/2d/1e5ed9dd3b3803994c155cd9aacb60c82c331bad84daf75bcb9c91b3295e/charset_normalizer-3.4.4-cp312-cp312-win_amd64.whl.metadata
  Downloading charset_normalizer-3.4.4-cp312-cp312-win_amd64.whl.metadata (38 kB)
Collecting idna<4,>=2.5 (from requests->transformers)
  Obtaining dependency information for idna<4,>=2.5 from https://files.pythonhosted.org/packages/0e/61/66938bbb5fc52dbdf84594873d5b51fb1f7c7794e9c0f5bd885f30bc507b/idna-3.11-py3-none-any.whl.metadata
  Downloading idna-3.11-py3-none-any.whl.metadata (8.4 kB)
Collecting urllib3<3,>=1.21.1 (from requests->transformers)
  Obtaining dependency information for urllib3<3,>=1.21.1 from https://files.pythonhosted.org/packages/a7/c2/fe1e52489ae3122415c51f387e221dd0773709bad6c6cdaa599e8a2c5185/urllib3-2.5.0-py3-none-any.whl.metadata
  Downloading urllib3-2.5.0-py3-none-any.whl.metadata (6.5 kB)
Collecting certifi>=2017.4.17 (from requests->transformers)
  Obtaining dependency information for certifi>=2017.4.17 from https://files.pythonhosted.org/packages/e4/37/af0d2ef3967ac0d6113837b44a4f0bfe1328c2b9763bd5b1744520e5cfed/certifi-2025.10.5-py3-none-any.whl.metadata
  Downloading certifi-2025.10.5-py3-none-any.whl.metadata (2.5 kB)
Collecting joblib>=1.2.0 (from scikit-learn->sentence-transformers)
  Obtaining dependency information for joblib>=1.2.0 from https://files.pythonhosted.org/packages/1e/e8/685f47e0d754320684db4425a0967f7d3fa70126bffd76110b7009a0090f/joblib-1.5.2-py3-none-any.whl.metadata
  Downloading joblib-1.5.2-py3-none-any.whl.metadata (5.6 kB)
Collecting threadpoolctl>=3.1.0 (from scikit-learn->sentence-transformers)
  Obtaining dependency information for threadpoolctl>=3.1.0 from https://files.pythonhosted.org/packages/32/d5/f9a850d79b0851d1d4ef6456097579a9005b31fea68726a4ae5f2d82ddd9/threadpoolctl-3.6.0-py3-none-any.whl.metadata  
  Downloading threadpoolctl-3.6.0-py3-none-any.whl.metadata (13 kB)
Downloading torch-2.9.0-cp312-cp312-win_amd64.whl (109.3 MB)
   ━━━━━━━━━━━━━━━━━━━━━━━━━━━━━━━━━━━━━━━━ 109.3/109.3 MB 5.2 MB/s eta 0:00:00
Downloading torchvision-0.24.0-cp312-cp312-win_amd64.whl (4.3 MB)
   ━━━━━━━━━━━━━━━━━━━━━━━━━━━━━━━━━━━━━━━━ 4.3/4.3 MB 8.8 MB/s eta 0:00:00
Downloading torchaudio-2.9.0-cp312-cp312-win_amd64.whl (665 kB)
   ━━━━━━━━━━━━━━━━━━━━━━━━━━━━━━━━━━━━━━━━ 665.4/665.4 kB 8.4 MB/s eta 0:00:00
Downloading transformers-4.57.1-py3-none-any.whl (12.0 MB)
   ━━━━━━━━━━━━━━━━━━━━━━━━━━━━━━━━━━━━━━━━ 12.0/12.0 MB 7.5 MB/s eta 0:00:00
Downloading sentence_transformers-5.1.2-py3-none-any.whl (488 kB)
   ━━━━━━━━━━━━━━━━━━━━━━━━━━━━━━━━━━━━━━━━ 488.0/488.0 kB 7.7 MB/s eta 0:00:00
Downloading faiss_cpu-1.12.0-cp312-cp312-win_amd64.whl (18.2 MB)
   ━━━━━━━━━━━━━━━━━━━━━━━━━━━━━━━━━━━━━━━━ 18.2/18.2 MB 7.6 MB/s eta 0:00:00
Downloading pandas-2.3.3-cp312-cp312-win_amd64.whl (11.0 MB)
   ━━━━━━━━━━━━━━━━━━━━━━━━━━━━━━━━━━━━━━━━ 11.0/11.0 MB 7.7 MB/s eta 0:00:00
Downloading numpy-2.3.4-cp312-cp312-win_amd64.whl (12.8 MB)
   ━━━━━━━━━━━━━━━━━━━━━━━━━━━━━━━━━━━━━━━━ 12.8/12.8 MB 6.8 MB/s eta 0:00:00
Downloading tqdm-4.67.1-py3-none-any.whl (78 kB)
   ━━━━━━━━━━━━━━━━━━━━━━━━━━━━━━━━━━━━━━━━ 78.5/78.5 kB 2.1 MB/s eta 0:00:00
Downloading psutil-7.1.2-cp37-abi3-win_amd64.whl (246 kB)
   ━━━━━━━━━━━━━━━━━━━━━━━━━━━━━━━━━━━━━━━━ 246.7/246.7 kB 7.6 MB/s eta 0:00:00
Downloading fsspec-2025.10.0-py3-none-any.whl (200 kB)
   ━━━━━━━━━━━━━━━━━━━━━━━━━━━━━━━━━━━━━━━━ 201.0/201.0 kB 6.2 MB/s eta 0:00:00
Downloading huggingface_hub-0.36.0-py3-none-any.whl (566 kB)
   ━━━━━━━━━━━━━━━━━━━━━━━━━━━━━━━━━━━━━━━━ 566.1/566.1 kB 9.0 MB/s eta 0:00:00
Downloading networkx-3.5-py3-none-any.whl (2.0 MB)
   ━━━━━━━━━━━━━━━━━━━━━━━━━━━━━━━━━━━━━━━━ 2.0/2.0 MB 7.6 MB/s eta 0:00:00
Downloading packaging-25.0-py3-none-any.whl (66 kB)
   ━━━━━━━━━━━━━━━━━━━━━━━━━━━━━━━━━━━━━━━━ 66.5/66.5 kB 1.8 MB/s eta 0:00:00
Downloading pillow-12.0.0-cp312-cp312-win_amd64.whl (7.0 MB)
   ━━━━━━━━━━━━━━━━━━━━━━━━━━━━━━━━━━━━━━━━ 7.0/7.0 MB 7.5 MB/s eta 0:00:00
Downloading python_dateutil-2.9.0.post0-py2.py3-none-any.whl (229 kB)
   ━━━━━━━━━━━━━━━━━━━━━━━━━━━━━━━━━━━━━━━━ 229.9/229.9 kB 6.9 MB/s eta 0:00:00
Downloading pytz-2025.2-py2.py3-none-any.whl (509 kB)
   ━━━━━━━━━━━━━━━━━━━━━━━━━━━━━━━━━━━━━━━━ 509.2/509.2 kB 10.6 MB/s eta 0:00:00
Downloading pyyaml-6.0.3-cp312-cp312-win_amd64.whl (154 kB)
   ━━━━━━━━━━━━━━━━━━━━━━━━━━━━━━━━━━━━━━━━ 154.0/154.0 kB 9.6 MB/s eta 0:00:00
Downloading regex-2025.10.23-cp312-cp312-win_amd64.whl (276 kB)
   ━━━━━━━━━━━━━━━━━━━━━━━━━━━━━━━━━━━━━━━━ 276.9/276.9 kB 4.3 MB/s eta 0:00:00
Downloading safetensors-0.6.2-cp38-abi3-win_amd64.whl (320 kB)
   ━━━━━━━━━━━━━━━━━━━━━━━━━━━━━━━━━━━━━━━━ 320.2/320.2 kB 6.6 MB/s eta 0:00:00
Downloading sympy-1.14.0-py3-none-any.whl (6.3 MB)
   ━━━━━━━━━━━━━━━━━━━━━━━━━━━━━━━━━━━━━━━━ 6.3/6.3 MB 7.3 MB/s eta 0:00:00
Downloading tokenizers-0.22.1-cp39-abi3-win_amd64.whl (2.7 MB)
   ━━━━━━━━━━━━━━━━━━━━━━━━━━━━━━━━━━━━━━━━ 2.7/2.7 MB 8.1 MB/s eta 0:00:00
Downloading typing_extensions-4.15.0-py3-none-any.whl (44 kB)
   ━━━━━━━━━━━━━━━━━━━━━━━━━━━━━━━━━━━━━━━━ 44.6/44.6 kB 2.1 MB/s eta 0:00:00
Downloading tzdata-2025.2-py2.py3-none-any.whl (347 kB)
   ━━━━━━━━━━━━━━━━━━━━━━━━━━━━━━━━━━━━━━━━ 347.8/347.8 kB 7.2 MB/s eta 0:00:00
Downloading colorama-0.4.6-py2.py3-none-any.whl (25 kB)
Downloading filelock-3.20.0-py3-none-any.whl (16 kB)
Downloading jinja2-3.1.6-py3-none-any.whl (134 kB)
   ━━━━━━━━━━━━━━━━━━━━━━━━━━━━━━━━━━━━━━━━ 134.9/134.9 kB 4.0 MB/s eta 0:00:00
Downloading requests-2.32.5-py3-none-any.whl (64 kB)
   ━━━━━━━━━━━━━━━━━━━━━━━━━━━━━━━━━━━━━━━━ 64.7/64.7 kB 3.4 MB/s eta 0:00:00
Downloading scikit_learn-1.7.2-cp312-cp312-win_amd64.whl (8.7 MB)
   ━━━━━━━━━━━━━━━━━━━━━━━━━━━━━━━━━━━━━━━━ 8.7/8.7 MB 7.0 MB/s eta 0:00:00
Downloading scipy-1.16.3-cp312-cp312-win_amd64.whl (38.6 MB)
   ━━━━━━━━━━━━━━━━━━━━━━━━━━━━━━━━━━━━━━━━ 38.6/38.6 MB 4.9 MB/s eta 0:00:00
Downloading setuptools-80.9.0-py3-none-any.whl (1.2 MB)
   ━━━━━━━━━━━━━━━━━━━━━━━━━━━━━━━━━━━━━━━━ 1.2/1.2 MB 4.8 MB/s eta 0:00:00
Downloading certifi-2025.10.5-py3-none-any.whl (163 kB)
   ━━━━━━━━━━━━━━━━━━━━━━━━━━━━━━━━━━━━━━━━ 163.3/163.3 kB 9.6 MB/s eta 0:00:00
Downloading charset_normalizer-3.4.4-cp312-cp312-win_amd64.whl (107 kB)
   ━━━━━━━━━━━━━━━━━━━━━━━━━━━━━━━━━━━━━━━━ 107.1/107.1 kB 3.0 MB/s eta 0:00:00
Downloading idna-3.11-py3-none-any.whl (71 kB)
   ━━━━━━━━━━━━━━━━━━━━━━━━━━━━━━━━━━━━━━━━ 71.0/71.0 kB 3.8 MB/s eta 0:00:00
Downloading joblib-1.5.2-py3-none-any.whl (308 kB)
   ━━━━━━━━━━━━━━━━━━━━━━━━━━━━━━━━━━━━━━━━ 308.4/308.4 kB 6.3 MB/s eta 0:00:00
Downloading markupsafe-3.0.3-cp312-cp312-win_amd64.whl (15 kB)
Downloading mpmath-1.3.0-py3-none-any.whl (536 kB)
   ━━━━━━━━━━━━━━━━━━━━━━━━━━━━━━━━━━━━━━━━ 536.2/536.2 kB 8.5 MB/s eta 0:00:00
Downloading six-1.17.0-py2.py3-none-any.whl (11 kB)
Downloading threadpoolctl-3.6.0-py3-none-any.whl (18 kB)
Downloading urllib3-2.5.0-py3-none-any.whl (129 kB)
   ━━━━━━━━━━━━━━━━━━━━━━━━━━━━━━━━━━━━━━━━ 129.8/129.8 kB 7.5 MB/s eta 0:00:00
Installing collected packages: pytz, mpmath, urllib3, tzdata, typing-extensions, threadpoolctl, sympy, six, setuptools, safetensors, regex, pyyaml, psutil, pillow, packaging, numpy, networkx, MarkupSafe, joblib, idna, fsspec, filelock, colorama, charset_normalizer, certifi, tqdm, scipy, requests, python-dateutil, jinja2, faiss-cpu, torch, scikit-learn, pandas, huggingface-hub, torchvision, torchaudio, tokenizers, transformers, sentence-transformers